// Jest Snapshot v1, https://goo.gl/fbAQLP

exports[`components - DetailComponent renders correctly 1`] = `
<div
  className="sc-bdVaJa bPGLpq"
>
  <div
    className="sc-bwzfXH hdawlo"
  >
    <button
      className="sc-htpNat btVxCe"
      onClick={[Function]}
    >
      <img
        alt="backimage"
        src="test-file-stub"
      />
    </button>
    <h2
      className="sc-bxivhb iRMnbR"
    >
      A New Hope
    </h2>
  </div>
  <div
    className="sc-ifAKCX cFlEyZ"
  >
    <h4
      className="sc-EHOje lkiFVF"
    >
      Diretor
    </h4>
    <h5
      className="sc-bZQynM grAZJQ"
    >
      George Lucas
    </h5>
    <h4
      className="sc-EHOje lkiFVF"
    >
      Produzido por
    </h4>
    <h5
      className="sc-bZQynM grAZJQ"
    >
      Gary Kurtz, Rick McCallum
    </h5>
    <h4
      className="sc-EHOje lkiFVF"
    >
      Lançamento
    </h4>
    <h5
      className="sc-bZQynM grAZJQ"
    >
      1977-05-25
    </h5>
    <h4
      className="sc-EHOje lkiFVF"
    >
      Episódio
    </h4>
    <h5
      className="sc-bZQynM grAZJQ"
    >
      4
    </h5>
    <h4
      className="sc-EHOje lkiFVF"
    >
      Descrição
    </h4>
    <h5
      className="sc-bZQynM grAZJQ"
    >
      It is a period of civil war.
Rebel spaceships, striking
from a hidden base, have won
their first victory against
the evil Galactic Empire.

During the battle, Rebel
spies managed to steal secret
plans to the Empire's
ultimate weapon, the DEATH
STAR, an armored space
station with enough power
to destroy an entire planet.

Pursued by the Empire's
sinister agents, Princess
Leia races home aboard her
starship, custodian of the
stolen plans that can save her
people and restore
freedom to the galaxy....
    </h5>
    <h4
      className="sc-EHOje lkiFVF"
    >
      Quantidade de personagens
    </h4>
    <h5
      className="sc-bZQynM grAZJQ"
    >
      18
    </h5>
    <h4
      className="sc-EHOje lkiFVF"
    >
      Quantidade de planetas
    </h4>
    <h5
      className="sc-bZQynM grAZJQ"
    >
      3
    </h5>
    <h4
      className="sc-EHOje lkiFVF"
    >
      Quantidade de especies
    </h4>
    <h5
      className="sc-bZQynM grAZJQ"
    >
      5
    </h5>
    <h4
      className="sc-EHOje lkiFVF"
    >
      Quantidade de naves
    </h4>
    <h5
      className="sc-bZQynM grAZJQ"
    >
      8
    </h5>
    <h4
      className="sc-EHOje lkiFVF"
    >
      Quantidade de veiculos
    </h4>
    <h5
      className="sc-bZQynM grAZJQ"
    >
      4
    </h5>
  </div>
</div>
`;
